// Jest Snapshot v1, https://goo.gl/fbAQLP

exports[`HeroCard renders properly 1`] = `
<div
  className="hero-card"
  onClick={[Function]}
  onKeyUp={[Function]}
  role="button"
  tabIndex="0"
>
  <img
    alt="3-D Man"
    src="the/img/url"
  />
  <div
    className="hero-card__label"
  >
    3-D Man
  </div>
</div>
`;
