// Jest Snapshot v1, https://goo.gl/fbAQLP

exports[`HeroCard renders properly 1`] = `
<div
  className="hero-card"
  onClick={[Function]}
  onKeyUp={[Function]}
  role="button"
  style={
    Object {
      "backgroundImage": "url(the/img/url)",
    }
  }
  tabIndex="0"
>
  <div
    className="hero-card__label"
  >
    3-D Man
  </div>
</div>
`;
